main.cpp:54:5:int main()	16	static
main.cpp:119:6:void Delay(uint32_t)	16	static
gpio.h:144:2:GPIO<gpio_bank, pinNumber, mode, outputType, outputSpeed, alternateFunction>::GPIO() [with long unsigned int gpio_bank = 1073873920ul; unsigned char pinNumber = 1u; long unsigned int mode = 1ul; unsigned char outputType = 0u; unsigned char outputSpeed = 1u; unsigned char alternateFunction = 0u]	24	static
reg_access.h:33:17:static void reg_access<addr_type, reg_type, address, value>::reg_xor() [with addr_type = long unsigned int; reg_type = long unsigned int; addr_type address = 1073875988ul; reg_type value = 4096ul]	4	static
reg_access.h:33:17:static void reg_access<addr_type, reg_type, address, value>::reg_xor() [with addr_type = long unsigned int; reg_type = long unsigned int; addr_type address = 1073875988ul; reg_type value = 8192ul]	4	static
reg_access.h:33:17:static void reg_access<addr_type, reg_type, address, value>::reg_xor() [with addr_type = long unsigned int; reg_type = long unsigned int; addr_type address = 1073875988ul; reg_type value = 16384ul]	4	static
reg_access.h:33:17:static void reg_access<addr_type, reg_type, address, value>::reg_xor() [with addr_type = long unsigned int; reg_type = long unsigned int; addr_type address = 1073875988ul; reg_type value = 32768ul]	4	static
reg_access_dynamic.h:21:21:static void dynamic_access<register_address_type, register_value_type>::reg_or(register_address_type, register_value_type) [with register_address_type = long unsigned int; register_value_type = long unsigned int]	16	static
reg_access.h:26:17:static void reg_access<addr_type, reg_type, address, value>::reg_or() [with addr_type = long unsigned int; reg_type = unsigned char; addr_type address = 1073873924ul; reg_type value = 0u]	4	static
